#! /home/dhvan/apps/oss-cad-suite/bin/vvp
:ivl_version "14.0 (devel)" "(s20260301-394-g9edaf7b6a-dirty)";
:ivl_delay_selection "TYPICAL";
:vpi_time_precision - 12;
:vpi_module "/home/dhvan/apps/oss-cad-suite/lib/ivl/system.vpi";
:vpi_module "/home/dhvan/apps/oss-cad-suite/lib/ivl/vhdl_sys.vpi";
:vpi_module "/home/dhvan/apps/oss-cad-suite/lib/ivl/vhdl_textio.vpi";
:vpi_module "/home/dhvan/apps/oss-cad-suite/lib/ivl/v2005_math.vpi";
:vpi_module "/home/dhvan/apps/oss-cad-suite/lib/ivl/va_math.vpi";
:vpi_module "/home/dhvan/apps/oss-cad-suite/lib/ivl/v2009.vpi";
S_0x55555d39c120 .scope package, "$unit" "$unit" 2 1;
 .timescale 0 0;
S_0x55555d39c2b0 .scope module, "top_tb" "top_tb" 3 4;
 .timescale -9 -12;
v0x55555d3b97e0_0 .var "clk", 0 0;
S_0x55555d389290 .scope module, "dut" "top" 3 10, 4 1 0, S_0x55555d39c2b0;
 .timescale -9 -12;
    .port_info 0 /INPUT 1 "clk";
    .port_info 1 /OUTPUT 1 "RGB_R";
    .port_info 2 /OUTPUT 1 "RGB_B";
    .port_info 3 /OUTPUT 1 "RGB_G";
P_0x55555d389420 .param/l "CLK_HZ" 0 4 2, +C4<00000000101101110001101100000000>;
P_0x55555d389460 .param/l "MAX_B" 1 4 12, C4<011111010>;
P_0x55555d3894a0 .param/l "MIN_B" 1 4 13, C4<000000000>;
P_0x55555d3894e0 .param/l "NUM_STATES" 1 4 14, C4<101>;
P_0x55555d389520 .param/l "PWM_INTERVAL" 0 4 3, +C4<00000000000000000000000011111010>;
P_0x55555d389560 .param/l "STEP_INTERVAL" 0 4 4, +C4<00000000000000000000000000000100>;
L_0x55555d388e90 .functor NOT 1, L_0x55555d3b98a0, C4<0>, C4<0>, C4<0>;
L_0x55555d3b9a30 .functor NOT 1, L_0x55555d3b9940, C4<0>, C4<0>, C4<0>;
L_0x55555d3b9b90 .functor NOT 1, L_0x55555d3b9af0, C4<0>, C4<0>, C4<0>;
L_0x55555d3ca2a0 .functor NOT 1, v0x55555d3b9180_0, C4<0>, C4<0>, C4<0>;
v0x55555d389790_0 .net "RGB_B", 0 0, L_0x55555d3b9b90;  1 drivers
v0x55555d3b7e70_0 .net "RGB_G", 0 0, L_0x55555d3b9a30;  1 drivers
v0x55555d3b7f30_0 .net "RGB_R", 0 0, L_0x55555d388e90;  1 drivers
v0x55555d3b7fd0_0 .net *"_ivl_0", 0 0, L_0x55555d3b98a0;  1 drivers
L_0x7ff409fb7018 .functor BUFT 1, C4<011111010>, C4<0>, C4<0>, C4<0>;
v0x55555d3b8090_0 .net/2u *"_ivl_12", 8 0, L_0x7ff409fb7018;  1 drivers
v0x55555d3b81c0_0 .net *"_ivl_14", 0 0, L_0x55555d3c9c90;  1 drivers
v0x55555d3b8280_0 .net *"_ivl_16", 31 0, L_0x55555d3c9e10;  1 drivers
L_0x7ff409fb7060 .functor BUFT 1, C4<00000000000000000000000>, C4<0>, C4<0>, C4<0>;
v0x55555d3b8360_0 .net *"_ivl_19", 22 0, L_0x7ff409fb7060;  1 drivers
L_0x7ff409fb70a8 .functor BUFT 1, C4<00000000000000000000000000000000>, C4<0>, C4<0>, C4<0>;
v0x55555d3b8440_0 .net/2u *"_ivl_20", 31 0, L_0x7ff409fb70a8;  1 drivers
v0x55555d3b8520_0 .net *"_ivl_22", 0 0, L_0x55555d3c9fb0;  1 drivers
v0x55555d3b85e0_0 .net *"_ivl_26", 0 0, L_0x55555d3ca2a0;  1 drivers
L_0x7ff409fb70f0 .functor BUFT 1, C4<101>, C4<0>, C4<0>, C4<0>;
v0x55555d3b86c0_0 .net/2u *"_ivl_30", 2 0, L_0x7ff409fb70f0;  1 drivers
v0x55555d3b87a0_0 .net *"_ivl_32", 0 0, L_0x55555d3ca4f0;  1 drivers
L_0x7ff409fb7138 .functor BUFT 1, C4<000>, C4<0>, C4<0>, C4<0>;
v0x55555d3b8860_0 .net/2u *"_ivl_34", 2 0, L_0x7ff409fb7138;  1 drivers
L_0x7ff409fb7180 .functor BUFT 1, C4<001>, C4<0>, C4<0>, C4<0>;
v0x55555d3b8940_0 .net/2u *"_ivl_36", 2 0, L_0x7ff409fb7180;  1 drivers
v0x55555d3b8a20_0 .net *"_ivl_38", 2 0, L_0x55555d3ca630;  1 drivers
v0x55555d3b8b00_0 .net *"_ivl_4", 0 0, L_0x55555d3b9940;  1 drivers
v0x55555d3b8bc0_0 .net *"_ivl_40", 2 0, L_0x55555d3ca840;  1 drivers
v0x55555d3b8ca0_0 .net *"_ivl_8", 0 0, L_0x55555d3b9af0;  1 drivers
v0x55555d3b8d60_0 .net "at_end", 0 0, L_0x55555d3ca160;  1 drivers
v0x55555d3b8e20_0 .var "b_level", 8 0;
v0x55555d3b8f00_0 .var "brightness_level", 8 0;
v0x55555d3b8fe0_0 .net "clk", 0 0, v0x55555d3b97e0_0;  1 drivers
v0x55555d3b90a0_0 .var "g_level", 8 0;
v0x55555d3b9180_0 .var "increase", 0 0;
v0x55555d3b9240_0 .net "next_increase", 0 0, L_0x55555d3ca360;  1 drivers
v0x55555d3b9300_0 .net "next_state", 2 0, L_0x55555d3ca980;  1 drivers
v0x55555d3b93e0_0 .var "pwm_tick", 8 0;
v0x55555d3b94c0_0 .var "r_level", 8 0;
v0x55555d3b95a0_0 .var "state", 2 0;
v0x55555d3b9680_0 .var "step_tick", 2 0;
E_0x55555d38f910 .event anyedge, v0x55555d3b95a0_0, v0x55555d3b8f00_0;
E_0x55555d356e10 .event posedge, v0x55555d3b8fe0_0;
L_0x55555d3b98a0 .cmp/gt 9, v0x55555d3b94c0_0, v0x55555d3b93e0_0;
L_0x55555d3b9940 .cmp/gt 9, v0x55555d3b90a0_0, v0x55555d3b93e0_0;
L_0x55555d3b9af0 .cmp/gt 9, v0x55555d3b8e20_0, v0x55555d3b93e0_0;
L_0x55555d3c9c90 .cmp/eq 9, v0x55555d3b8f00_0, L_0x7ff409fb7018;
L_0x55555d3c9e10 .concat [ 9 23 0 0], v0x55555d3b8f00_0, L_0x7ff409fb7060;
L_0x55555d3c9fb0 .cmp/eq 32, L_0x55555d3c9e10, L_0x7ff409fb70a8;
L_0x55555d3ca160 .functor MUXZ 1, L_0x55555d3c9fb0, L_0x55555d3c9c90, v0x55555d3b9180_0, C4<>;
L_0x55555d3ca360 .functor MUXZ 1, v0x55555d3b9180_0, L_0x55555d3ca2a0, L_0x55555d3ca160, C4<>;
L_0x55555d3ca4f0 .cmp/eq 3, v0x55555d3b95a0_0, L_0x7ff409fb70f0;
L_0x55555d3ca630 .arith/sum 3, v0x55555d3b95a0_0, L_0x7ff409fb7180;
L_0x55555d3ca840 .functor MUXZ 3, L_0x55555d3ca630, L_0x7ff409fb7138, L_0x55555d3ca4f0, C4<>;
L_0x55555d3ca980 .functor MUXZ 3, v0x55555d3b95a0_0, L_0x55555d3ca840, L_0x55555d3ca160, C4<>;
    .scope S_0x55555d389290;
T_0 ;
    %pushi/vec4 0, 0, 9;
    %store/vec4 v0x55555d3b93e0_0, 0, 9;
    %pushi/vec4 0, 0, 3;
    %store/vec4 v0x55555d3b9680_0, 0, 3;
    %pushi/vec4 0, 0, 9;
    %store/vec4 v0x55555d3b8f00_0, 0, 9;
    %pushi/vec4 0, 0, 9;
    %store/vec4 v0x55555d3b94c0_0, 0, 9;
    %pushi/vec4 0, 0, 9;
    %store/vec4 v0x55555d3b90a0_0, 0, 9;
    %pushi/vec4 0, 0, 9;
    %store/vec4 v0x55555d3b8e20_0, 0, 9;
    %pushi/vec4 1, 0, 1;
    %store/vec4 v0x55555d3b9180_0, 0, 1;
    %pushi/vec4 0, 0, 3;
    %store/vec4 v0x55555d3b95a0_0, 0, 3;
    %end;
    .thread T_0, $init;
    .scope S_0x55555d389290;
T_1 ;
    %wait E_0x55555d356e10;
    %load/vec4 v0x55555d3b93e0_0;
    %pad/u 32;
    %cmpi/e 249, 0, 32;
    %flag_mov 8, 4;
    %jmp/0 T_1.0, 8;
    %pushi/vec4 0, 0, 9;
    %jmp/1 T_1.1, 8;
T_1.0 ; End of true expr.
    %load/vec4 v0x55555d3b93e0_0;
    %addi 1, 0, 9;
    %jmp/0 T_1.1, 8;
 ; End of false expr.
    %blend;
T_1.1;
    %assign/vec4 v0x55555d3b93e0_0, 0;
    %load/vec4 v0x55555d3b9680_0;
    %pad/u 32;
    %cmpi/e 3, 0, 32;
    %flag_mov 8, 4;
    %jmp/0 T_1.2, 8;
    %pushi/vec4 0, 0, 3;
    %jmp/1 T_1.3, 8;
T_1.2 ; End of true expr.
    %load/vec4 v0x55555d3b9680_0;
    %addi 1, 0, 3;
    %jmp/0 T_1.3, 8;
 ; End of false expr.
    %blend;
T_1.3;
    %assign/vec4 v0x55555d3b9680_0, 0;
    %load/vec4 v0x55555d3b9300_0;
    %assign/vec4 v0x55555d3b95a0_0, 0;
    %load/vec4 v0x55555d3b9240_0;
    %assign/vec4 v0x55555d3b9180_0, 0;
    %load/vec4 v0x55555d3b9680_0;
    %pad/u 32;
    %cmpi/e 3, 0, 32;
    %jmp/0xz  T_1.4, 4;
    %load/vec4 v0x55555d3b9240_0;
    %flag_set/vec4 8;
    %jmp/0 T_1.6, 8;
    %load/vec4 v0x55555d3b8f00_0;
    %addi 1, 0, 9;
    %jmp/1 T_1.7, 8;
T_1.6 ; End of true expr.
    %load/vec4 v0x55555d3b8f00_0;
    %subi 1, 0, 9;
    %jmp/0 T_1.7, 8;
 ; End of false expr.
    %blend;
T_1.7;
    %assign/vec4 v0x55555d3b8f00_0, 0;
T_1.4 ;
    %jmp T_1;
    .thread T_1;
    .scope S_0x55555d389290;
T_2 ;
Ewait_0 .event/or E_0x55555d38f910, E_0x0;
    %wait Ewait_0;
    %pushi/vec4 65536000, 0, 27;
    %split/vec4 9;
    %store/vec4 v0x55555d3b8e20_0, 0, 9;
    %split/vec4 9;
    %store/vec4 v0x55555d3b90a0_0, 0, 9;
    %store/vec4 v0x55555d3b94c0_0, 0, 9;
    %load/vec4 v0x55555d3b95a0_0;
    %dup/vec4;
    %pushi/vec4 0, 0, 3;
    %cmp/e;
    %jmp/1 T_2.0, 6;
    %dup/vec4;
    %pushi/vec4 1, 0, 3;
    %cmp/e;
    %jmp/1 T_2.1, 6;
    %dup/vec4;
    %pushi/vec4 2, 0, 3;
    %cmp/e;
    %jmp/1 T_2.2, 6;
    %dup/vec4;
    %pushi/vec4 3, 0, 3;
    %cmp/e;
    %jmp/1 T_2.3, 6;
    %dup/vec4;
    %pushi/vec4 4, 0, 3;
    %cmp/e;
    %jmp/1 T_2.4, 6;
    %dup/vec4;
    %pushi/vec4 5, 0, 3;
    %cmp/e;
    %jmp/1 T_2.5, 6;
    %pushi/vec4 0, 0, 27;
    %split/vec4 9;
    %store/vec4 v0x55555d3b8e20_0, 0, 9;
    %split/vec4 9;
    %store/vec4 v0x55555d3b90a0_0, 0, 9;
    %store/vec4 v0x55555d3b94c0_0, 0, 9;
    %jmp T_2.7;
T_2.0 ;
    %pushi/vec4 250, 0, 9;
    %load/vec4 v0x55555d3b8f00_0;
    %concat/vec4; draw_concat_vec4
    %concati/vec4 0, 0, 9;
    %split/vec4 9;
    %store/vec4 v0x55555d3b8e20_0, 0, 9;
    %split/vec4 9;
    %store/vec4 v0x55555d3b90a0_0, 0, 9;
    %store/vec4 v0x55555d3b94c0_0, 0, 9;
    %jmp T_2.7;
T_2.1 ;
    %load/vec4 v0x55555d3b8f00_0;
    %concati/vec4 250, 0, 9;
    %concati/vec4 0, 0, 9;
    %split/vec4 9;
    %store/vec4 v0x55555d3b8e20_0, 0, 9;
    %split/vec4 9;
    %store/vec4 v0x55555d3b90a0_0, 0, 9;
    %store/vec4 v0x55555d3b94c0_0, 0, 9;
    %jmp T_2.7;
T_2.2 ;
    %pushi/vec4 0, 0, 9;
    %concati/vec4 250, 0, 9;
    %load/vec4 v0x55555d3b8f00_0;
    %concat/vec4; draw_concat_vec4
    %split/vec4 9;
    %store/vec4 v0x55555d3b8e20_0, 0, 9;
    %split/vec4 9;
    %store/vec4 v0x55555d3b90a0_0, 0, 9;
    %store/vec4 v0x55555d3b94c0_0, 0, 9;
    %jmp T_2.7;
T_2.3 ;
    %pushi/vec4 0, 0, 9;
    %load/vec4 v0x55555d3b8f00_0;
    %concat/vec4; draw_concat_vec4
    %concati/vec4 250, 0, 9;
    %split/vec4 9;
    %store/vec4 v0x55555d3b8e20_0, 0, 9;
    %split/vec4 9;
    %store/vec4 v0x55555d3b90a0_0, 0, 9;
    %store/vec4 v0x55555d3b94c0_0, 0, 9;
    %jmp T_2.7;
T_2.4 ;
    %load/vec4 v0x55555d3b8f00_0;
    %concati/vec4 0, 0, 9;
    %concati/vec4 250, 0, 9;
    %split/vec4 9;
    %store/vec4 v0x55555d3b8e20_0, 0, 9;
    %split/vec4 9;
    %store/vec4 v0x55555d3b90a0_0, 0, 9;
    %store/vec4 v0x55555d3b94c0_0, 0, 9;
    %jmp T_2.7;
T_2.5 ;
    %pushi/vec4 250, 0, 9;
    %concati/vec4 0, 0, 9;
    %load/vec4 v0x55555d3b8f00_0;
    %concat/vec4; draw_concat_vec4
    %split/vec4 9;
    %store/vec4 v0x55555d3b8e20_0, 0, 9;
    %split/vec4 9;
    %store/vec4 v0x55555d3b90a0_0, 0, 9;
    %store/vec4 v0x55555d3b94c0_0, 0, 9;
    %jmp T_2.7;
T_2.7 ;
    %pop/vec4 1;
    %jmp T_2;
    .thread T_2, $push;
    .scope S_0x55555d39c2b0;
T_3 ;
    %pushi/vec4 0, 0, 1;
    %store/vec4 v0x55555d3b97e0_0, 0, 1;
    %end;
    .thread T_3, $init;
    .scope S_0x55555d39c2b0;
T_4 ;
    %delay 41667, 0;
    %load/vec4 v0x55555d3b97e0_0;
    %inv;
    %store/vec4 v0x55555d3b97e0_0, 0, 1;
    %jmp T_4;
    .thread T_4;
    .scope S_0x55555d39c2b0;
T_5 ;
    %vpi_call/w 3 17 "$dumpfile", "top.vcd" {0 0 0};
    %vpi_call/w 3 18 "$dumpvars", 32'sb00000000000000000000000000000000, S_0x55555d39c2b0 {0 0 0};
    %delay 705032704, 1;
    %vpi_call/w 3 20 "$finish" {0 0 0};
    %end;
    .thread T_5;
# The file index is used to find the file name in the following table.
:file_names 5;
    "N/A";
    "<interactive>";
    "-";
    "top_tb.sv";
    "./top.sv";
